2025-01-03 00:30:14,574 - INFO - C:\Users\hp\Desktop\Lavimac Royal Hotel\backend\app\main.py:99 - Registering routes...
2025-01-03 00:32:15,145 - INFO - C:\Users\hp\Desktop\Lavimac Royal Hotel\backend\app\main.py:99 - Registering routes...
2025-01-03 00:33:03,429 - INFO - c:\Users\hp\Desktop\Lavimac Royal Hotel\backend\app\main.py:99 - Registering routes...
2025-01-03 00:33:04,412 - INFO - c:\Users\hp\Desktop\Lavimac Royal Hotel\backend\app\main.py:99 - Registering routes...
2025-01-03 00:34:59,893 - INFO - c:\Users\hp\Desktop\Lavimac Royal Hotel\backend\app\main.py:99 - Registering routes...
2025-01-03 00:35:24,628 - INFO - c:\Users\hp\Desktop\Lavimac Royal Hotel\backend\app\main.py:99 - Registering routes...
2025-01-03 00:35:25,601 - INFO - c:\Users\hp\Desktop\Lavimac Royal Hotel\backend\app\main.py:99 - Registering routes...
2025-01-03 00:38:11,815 - INFO - c:\Users\hp\Desktop\Lavimac Royal Hotel\backend\app\main.py:99 - Registering routes...
2025-01-03 00:38:11,819 - INFO - c:\Users\hp\Desktop\Lavimac Royal Hotel\backend\app\main.py:99 - Registering routes...
2025-01-03 00:38:19,530 - INFO - c:\Users\hp\Desktop\Lavimac Royal Hotel\backend\app\main.py:99 - Registering routes...
2025-01-03 00:38:19,532 - INFO - c:\Users\hp\Desktop\Lavimac Royal Hotel\backend\app\main.py:99 - Registering routes...
2025-01-03 00:38:29,695 - INFO - c:\Users\hp\Desktop\Lavimac Royal Hotel\backend\app\main.py:99 - Registering routes...
2025-01-03 00:38:30,678 - INFO - c:\Users\hp\Desktop\Lavimac Royal Hotel\backend\app\main.py:99 - Registering routes...
2025-01-03 00:44:26,122 - INFO - c:\Users\hp\Desktop\Lavimac Royal Hotel\backend\app\main.py:99 - Registering routes...
2025-01-03 00:44:26,294 - INFO - c:\Users\hp\Desktop\Lavimac Royal Hotel\backend\app\main.py:99 - Registering routes...
2025-01-03 00:44:26,298 - INFO - c:\Users\hp\Desktop\Lavimac Royal Hotel\backend\app\main.py:99 - Registering routes...
2025-01-03 00:44:43,872 - INFO - c:\Users\hp\Desktop\Lavimac Royal Hotel\backend\app\main.py:99 - Registering routes...
2025-01-03 00:44:44,899 - INFO - c:\Users\hp\Desktop\Lavimac Royal Hotel\backend\app\main.py:99 - Registering routes...
2025-01-03 00:45:46,140 - INFO - c:\Users\hp\Desktop\Lavimac Royal Hotel\backend\app\main.py:99 - Registering routes...
2025-01-03 00:45:46,140 - INFO - c:\Users\hp\Desktop\Lavimac Royal Hotel\backend\app\main.py:99 - Registering routes...
2025-01-03 00:45:46,442 - INFO - c:\Users\hp\Desktop\Lavimac Royal Hotel\backend\app\main.py:99 - Registering routes...
2025-01-03 00:45:46,650 - INFO - c:\Users\hp\Desktop\Lavimac Royal Hotel\backend\app\main.py:99 - Registering routes...
2025-01-03 00:45:56,984 - INFO - c:\Users\hp\Desktop\Lavimac Royal Hotel\backend\app\main.py:99 - Registering routes...
2025-01-03 00:45:56,992 - INFO - c:\Users\hp\Desktop\Lavimac Royal Hotel\backend\app\main.py:99 - Registering routes...
2025-01-03 00:45:57,214 - INFO - c:\Users\hp\Desktop\Lavimac Royal Hotel\backend\app\main.py:99 - Registering routes...
2025-01-03 00:45:57,476 - INFO - c:\Users\hp\Desktop\Lavimac Royal Hotel\backend\app\main.py:99 - Registering routes...
2025-01-03 00:46:23,661 - INFO - c:\Users\hp\Desktop\Lavimac Royal Hotel\backend\app\main.py:99 - Registering routes...
2025-01-03 00:46:24,682 - INFO - c:\Users\hp\Desktop\Lavimac Royal Hotel\backend\app\main.py:99 - Registering routes...
2025-01-03 00:47:45,222 - INFO - c:\Users\hp\Desktop\Lavimac Royal Hotel\backend\app\main.py:99 - Registering routes...
2025-01-03 00:47:46,464 - INFO - c:\Users\hp\Desktop\Lavimac Royal Hotel\backend\app\main.py:99 - Registering routes...
2025-01-03 00:47:46,584 - INFO - c:\Users\hp\Desktop\Lavimac Royal Hotel\backend\app\main.py:99 - Registering routes...
2025-01-03 00:47:46,601 - INFO - c:\Users\hp\Desktop\Lavimac Royal Hotel\backend\app\main.py:99 - Registering routes...
2025-01-03 00:47:46,746 - INFO - c:\Users\hp\Desktop\Lavimac Royal Hotel\backend\app\main.py:99 - Registering routes...
2025-01-03 00:47:56,304 - INFO - c:\Users\hp\Desktop\Lavimac Royal Hotel\backend\app\main.py:99 - Registering routes...
2025-01-03 00:47:56,514 - INFO - c:\Users\hp\Desktop\Lavimac Royal Hotel\backend\app\main.py:99 - Registering routes...
2025-01-03 00:47:56,850 - INFO - c:\Users\hp\Desktop\Lavimac Royal Hotel\backend\app\main.py:99 - Registering routes...
2025-01-03 00:47:56,864 - INFO - c:\Users\hp\Desktop\Lavimac Royal Hotel\backend\app\main.py:99 - Registering routes...
2025-01-03 00:47:56,940 - INFO - c:\Users\hp\Desktop\Lavimac Royal Hotel\backend\app\main.py:99 - Registering routes...
2025-01-03 00:48:40,818 - INFO - c:\Users\hp\Desktop\Lavimac Royal Hotel\backend\app\main.py:99 - Registering routes...
2025-01-03 00:48:41,959 - INFO - c:\Users\hp\Desktop\Lavimac Royal Hotel\backend\app\main.py:99 - Registering routes...
2025-01-03 00:50:54,650 - INFO - c:\Users\hp\Desktop\Lavimac Royal Hotel\backend\app\main.py:99 - Registering routes...
2025-01-03 00:50:54,657 - INFO - c:\Users\hp\Desktop\Lavimac Royal Hotel\backend\app\main.py:99 - Registering routes...
2025-01-03 00:50:54,757 - INFO - c:\Users\hp\Desktop\Lavimac Royal Hotel\backend\app\main.py:99 - Registering routes...
2025-01-03 00:50:54,995 - INFO - c:\Users\hp\Desktop\Lavimac Royal Hotel\backend\app\main.py:99 - Registering routes...
2025-01-03 00:50:55,561 - INFO - c:\Users\hp\Desktop\Lavimac Royal Hotel\backend\app\main.py:99 - Registering routes...
2025-01-03 00:50:55,700 - INFO - c:\Users\hp\Desktop\Lavimac Royal Hotel\backend\app\main.py:99 - Registering routes...
2025-01-03 00:51:03,794 - INFO - c:\Users\hp\Desktop\Lavimac Royal Hotel\backend\app\main.py:99 - Registering routes...
2025-01-03 00:51:05,260 - INFO - c:\Users\hp\Desktop\Lavimac Royal Hotel\backend\app\main.py:99 - Registering routes...
2025-01-03 00:51:46,208 - INFO - c:\Users\hp\Desktop\Lavimac Royal Hotel\backend\app\main.py:99 - Registering routes...
2025-01-03 00:51:46,259 - INFO - c:\Users\hp\Desktop\Lavimac Royal Hotel\backend\app\main.py:99 - Registering routes...
2025-01-03 00:51:46,299 - INFO - c:\Users\hp\Desktop\Lavimac Royal Hotel\backend\app\main.py:99 - Registering routes...
2025-01-03 00:51:46,383 - INFO - c:\Users\hp\Desktop\Lavimac Royal Hotel\backend\app\main.py:99 - Registering routes...
2025-01-03 00:51:47,208 - INFO - c:\Users\hp\Desktop\Lavimac Royal Hotel\backend\app\main.py:99 - Registering routes...
2025-01-03 00:51:47,450 - INFO - c:\Users\hp\Desktop\Lavimac Royal Hotel\backend\app\main.py:99 - Registering routes...
2025-01-03 00:51:47,454 - INFO - c:\Users\hp\Desktop\Lavimac Royal Hotel\backend\app\main.py:99 - Registering routes...
2025-01-03 00:52:08,403 - INFO - c:\Users\hp\Desktop\Lavimac Royal Hotel\backend\app\main.py:99 - Registering routes...
2025-01-03 00:52:09,559 - INFO - c:\Users\hp\Desktop\Lavimac Royal Hotel\backend\app\main.py:99 - Registering routes...
2025-01-03 00:53:24,508 - INFO - c:\Users\hp\Desktop\Lavimac Royal Hotel\backend\app\main.py:99 - Registering routes...
2025-01-03 00:53:24,603 - INFO - c:\Users\hp\Desktop\Lavimac Royal Hotel\backend\app\main.py:99 - Registering routes...
2025-01-03 00:53:25,406 - INFO - c:\Users\hp\Desktop\Lavimac Royal Hotel\backend\app\main.py:99 - Registering routes...
2025-01-03 00:53:25,424 - INFO - c:\Users\hp\Desktop\Lavimac Royal Hotel\backend\app\main.py:99 - Registering routes...
2025-01-03 00:53:25,533 - INFO - c:\Users\hp\Desktop\Lavimac Royal Hotel\backend\app\main.py:99 - Registering routes...
2025-01-03 00:53:25,880 - INFO - c:\Users\hp\Desktop\Lavimac Royal Hotel\backend\app\main.py:99 - Registering routes...
2025-01-03 00:53:25,887 - INFO - c:\Users\hp\Desktop\Lavimac Royal Hotel\backend\app\main.py:99 - Registering routes...
2025-01-03 00:53:26,016 - INFO - c:\Users\hp\Desktop\Lavimac Royal Hotel\backend\app\main.py:99 - Registering routes...
2025-01-03 00:53:31,420 - INFO - c:\Users\hp\Desktop\Lavimac Royal Hotel\backend\app\main.py:99 - Registering routes...
2025-01-03 00:53:32,829 - INFO - c:\Users\hp\Desktop\Lavimac Royal Hotel\backend\app\main.py:99 - Registering routes...
2025-01-03 00:54:18,142 - INFO - c:\Users\hp\Desktop\Lavimac Royal Hotel\backend\app\main.py:99 - Registering routes...
2025-01-03 00:54:19,126 - INFO - c:\Users\hp\Desktop\Lavimac Royal Hotel\backend\app\main.py:99 - Registering routes...
2025-01-03 00:54:19,212 - INFO - c:\Users\hp\Desktop\Lavimac Royal Hotel\backend\app\main.py:99 - Registering routes...
2025-01-03 00:54:20,149 - INFO - c:\Users\hp\Desktop\Lavimac Royal Hotel\backend\app\main.py:99 - Registering routes...
2025-01-03 01:06:34,912 - INFO - c:\Users\hp\Desktop\Lavimac Royal Hotel\backend\app\main.py:51 - Registering routes...
2025-01-03 01:06:35,923 - INFO - c:\Users\hp\Desktop\Lavimac Royal Hotel\backend\app\main.py:51 - Registering routes...
2025-01-03 01:08:06,209 - INFO - c:\Users\hp\Desktop\Lavimac Royal Hotel\backend\app\main.py:51 - Registering routes...
2025-01-03 01:08:22,031 - INFO - c:\Users\hp\Desktop\Lavimac Royal Hotel\backend\app\main.py:51 - Registering routes...
2025-01-03 01:08:39,662 - INFO - c:\Users\hp\Desktop\Lavimac Royal Hotel\backend\app\main.py:51 - Registering routes...
2025-01-03 01:08:40,828 - INFO - c:\Users\hp\Desktop\Lavimac Royal Hotel\backend\app\main.py:51 - Registering routes...
2025-01-03 01:09:15,346 - INFO - c:\Users\hp\Desktop\Lavimac Royal Hotel\backend\app\main.py:58 - Registering routes...
2025-01-03 01:09:15,349 - INFO - c:\Users\hp\Desktop\Lavimac Royal Hotel\backend\app\main.py:58 - Registering routes...
2025-01-03 01:10:53,266 - INFO - c:\Users\hp\Desktop\Lavimac Royal Hotel\backend\app\main.py:58 - Registering routes...
2025-01-03 01:10:54,460 - INFO - c:\Users\hp\Desktop\Lavimac Royal Hotel\backend\app\main.py:58 - Registering routes...
2025-01-03 01:12:19,855 - INFO - c:\Users\hp\Desktop\Lavimac Royal Hotel\backend\app\main.py:142 - Registering routes...
2025-01-03 01:12:20,059 - INFO - c:\Users\hp\Desktop\Lavimac Royal Hotel\backend\app\main.py:142 - Registering routes...
2025-01-03 01:12:20,138 - INFO - c:\Users\hp\Desktop\Lavimac Royal Hotel\backend\app\main.py:142 - Registering routes...
2025-01-03 01:12:35,853 - INFO - c:\Users\hp\Desktop\Lavimac Royal Hotel\backend\app\main.py:142 - Registering routes...
2025-01-03 01:12:36,045 - INFO - c:\Users\hp\Desktop\Lavimac Royal Hotel\backend\app\main.py:142 - Registering routes...
2025-01-03 01:12:36,280 - INFO - c:\Users\hp\Desktop\Lavimac Royal Hotel\backend\app\main.py:142 - Registering routes...
2025-01-03 01:14:50,505 - INFO - c:\Users\hp\Desktop\Lavimac Royal Hotel\backend\app\main.py:142 - Registering routes...
2025-01-03 01:14:51,544 - INFO - c:\Users\hp\Desktop\Lavimac Royal Hotel\backend\app\main.py:142 - Registering routes...
2025-01-03 01:36:24,486 - INFO - c:\Users\hp\Desktop\Lavimac Royal Hotel\backend\app\main.py:148 - Registering routes...
2025-01-03 01:36:24,486 - INFO - c:\Users\hp\Desktop\Lavimac Royal Hotel\backend\app\main.py:148 - Registering routes...
2025-01-03 01:36:24,516 - INFO - c:\Users\hp\Desktop\Lavimac Royal Hotel\backend\app\main.py:148 - Registering routes...
2025-01-03 01:38:51,989 - INFO - c:\Users\hp\Desktop\Lavimac Royal Hotel\backend\app\main.py:148 - Registering routes...
2025-01-03 01:38:53,274 - INFO - c:\Users\hp\Desktop\Lavimac Royal Hotel\backend\app\main.py:148 - Registering routes...
2025-01-03 02:55:44,933 - INFO - c:\Users\hp\Desktop\Lavimac Royal Hotel\backend\app\main.py:137 - Starting Lavimac Royal Hotel Backend
2025-01-03 02:55:44,939 - INFO - c:\Users\hp\Desktop\Lavimac Royal Hotel\backend\app\main.py:138 - Python Version: 3.12.8 (tags/v3.12.8:2dc476b, Dec  3 2024, 19:30:04) [MSC v.1942 64 bit (AMD64)]
2025-01-03 02:55:44,939 - INFO - c:\Users\hp\Desktop\Lavimac Royal Hotel\backend\app\main.py:57 - Registering routes...
2025-01-03 02:55:45,979 - INFO - c:\Users\hp\Desktop\Lavimac Royal Hotel\backend\app\main.py:137 - Starting Lavimac Royal Hotel Backend
2025-01-03 02:55:45,979 - INFO - c:\Users\hp\Desktop\Lavimac Royal Hotel\backend\app\main.py:138 - Python Version: 3.12.8 (tags/v3.12.8:2dc476b, Dec  3 2024, 19:30:04) [MSC v.1942 64 bit (AMD64)]
2025-01-03 02:55:45,979 - INFO - c:\Users\hp\Desktop\Lavimac Royal Hotel\backend\app\main.py:57 - Registering routes...
2025-01-03 02:57:13,511 - INFO - c:\Users\hp\Desktop\Lavimac Royal Hotel\backend\app\main.py:142 - Starting Lavimac Royal Hotel Backend
2025-01-03 02:57:13,512 - INFO - c:\Users\hp\Desktop\Lavimac Royal Hotel\backend\app\main.py:143 - Python Version: 3.12.8 (tags/v3.12.8:2dc476b, Dec  3 2024, 19:30:04) [MSC v.1942 64 bit (AMD64)]
2025-01-03 02:57:13,512 - INFO - c:\Users\hp\Desktop\Lavimac Royal Hotel\backend\app\main.py:57 - Registering routes...
2025-01-03 02:57:16,961 - INFO - c:\Users\hp\Desktop\Lavimac Royal Hotel\backend\app\main.py:142 - Starting Lavimac Royal Hotel Backend
2025-01-03 02:57:16,961 - INFO - c:\Users\hp\Desktop\Lavimac Royal Hotel\backend\app\main.py:143 - Python Version: 3.12.8 (tags/v3.12.8:2dc476b, Dec  3 2024, 19:30:04) [MSC v.1942 64 bit (AMD64)]
2025-01-03 02:57:16,961 - INFO - c:\Users\hp\Desktop\Lavimac Royal Hotel\backend\app\main.py:57 - Registering routes...
2025-01-03 02:57:31,568 - INFO - c:\Users\hp\Desktop\Lavimac Royal Hotel\backend\app\main.py:142 - Starting Lavimac Royal Hotel Backend
2025-01-03 02:57:31,568 - INFO - c:\Users\hp\Desktop\Lavimac Royal Hotel\backend\app\main.py:143 - Python Version: 3.12.8 (tags/v3.12.8:2dc476b, Dec  3 2024, 19:30:04) [MSC v.1942 64 bit (AMD64)]
2025-01-03 02:57:31,568 - INFO - c:\Users\hp\Desktop\Lavimac Royal Hotel\backend\app\main.py:57 - Registering routes...
2025-01-03 02:57:32,721 - INFO - c:\Users\hp\Desktop\Lavimac Royal Hotel\backend\app\main.py:142 - Starting Lavimac Royal Hotel Backend
2025-01-03 02:57:32,726 - INFO - c:\Users\hp\Desktop\Lavimac Royal Hotel\backend\app\main.py:143 - Python Version: 3.12.8 (tags/v3.12.8:2dc476b, Dec  3 2024, 19:30:04) [MSC v.1942 64 bit (AMD64)]
2025-01-03 02:57:32,726 - INFO - c:\Users\hp\Desktop\Lavimac Royal Hotel\backend\app\main.py:57 - Registering routes...
2025-01-03 02:57:36,087 - INFO - c:\Users\hp\Desktop\Lavimac Royal Hotel\backend\app\main.py:63 - Accessing root route from 127.0.0.1
2025-01-03 02:57:36,087 - INFO - c:\Users\hp\Desktop\Lavimac Royal Hotel\backend\app\main.py:65 - Attempting to render index.html
2025-01-03 02:57:36,087 - INFO - c:\Users\hp\Desktop\Lavimac Royal Hotel\backend\app\main.py:66 - Template folder: templates
2025-01-03 02:57:36,087 - INFO - c:\Users\hp\Desktop\Lavimac Royal Hotel\backend\app\main.py:67 - Current working directory: c:\Users\hp\Desktop\Lavimac Royal Hotel
2025-01-03 02:57:36,087 - INFO - c:\Users\hp\Desktop\Lavimac Royal Hotel\backend\app\main.py:71 - Template directory contents: ['booking.html', 'contact.html', 'facilities.html', 'index.html', 'rooms.html']
2025-01-03 02:57:36,087 - INFO - c:\Users\hp\Desktop\Lavimac Royal Hotel\backend\app\main.py:75 - Full index.html path: c:\Users\hp\Desktop\Lavimac Royal Hotel\backend\app\..\..\frontend\templates\index.html
2025-01-03 02:57:36,087 - INFO - c:\Users\hp\Desktop\Lavimac Royal Hotel\backend\app\main.py:76 - index.html exists: True
2025-01-03 02:57:36,087 - ERROR - c:\Users\hp\Desktop\Lavimac Royal Hotel\backend\app\main.py:80 - Error rendering index template: index.html
2025-01-03 02:57:36,205 - ERROR - c:\Users\hp\Desktop\Lavimac Royal Hotel\backend\app\main.py:81 - Traceback: Traceback (most recent call last):
  File "c:\Users\hp\Desktop\Lavimac Royal Hotel\backend\app\main.py", line 78, in index
    return render_template('index.html')
           ^^^^^^^^^^^^^^^^^^^^^^^^^^^^^
  File "C:\Users\hp\AppData\Local\Packages\PythonSoftwareFoundation.Python.3.12_qbz5n2kfra8p0\LocalCache\local-packages\Python312\site-packages\flask\templating.py", line 150, in render_template
    template = app.jinja_env.get_or_select_template(template_name_or_list)
               ^^^^^^^^^^^^^^^^^^^^^^^^^^^^^^^^^^^^^^^^^^^^^^^^^^^^^^^^^^^
  File "C:\Users\hp\AppData\Local\Packages\PythonSoftwareFoundation.Python.3.12_qbz5n2kfra8p0\LocalCache\local-packages\Python312\site-packages\jinja2\environment.py", line 1084, in get_or_select_template
    return self.get_template(template_name_or_list, parent, globals)
           ^^^^^^^^^^^^^^^^^^^^^^^^^^^^^^^^^^^^^^^^^^^^^^^^^^^^^^^^^
  File "C:\Users\hp\AppData\Local\Packages\PythonSoftwareFoundation.Python.3.12_qbz5n2kfra8p0\LocalCache\local-packages\Python312\site-packages\jinja2\environment.py", line 1013, in get_template
    return self._load_template(name, globals)
           ^^^^^^^^^^^^^^^^^^^^^^^^^^^^^^^^^^
  File "C:\Users\hp\AppData\Local\Packages\PythonSoftwareFoundation.Python.3.12_qbz5n2kfra8p0\LocalCache\local-packages\Python312\site-packages\jinja2\environment.py", line 972, in _load_template
    template = self.loader.load(self, name, self.make_globals(globals))
               ^^^^^^^^^^^^^^^^^^^^^^^^^^^^^^^^^^^^^^^^^^^^^^^^^^^^^^^^
  File "C:\Users\hp\AppData\Local\Packages\PythonSoftwareFoundation.Python.3.12_qbz5n2kfra8p0\LocalCache\local-packages\Python312\site-packages\jinja2\loaders.py", line 126, in load
    source, filename, uptodate = self.get_source(environment, name)
                                 ^^^^^^^^^^^^^^^^^^^^^^^^^^^^^^^^^^
  File "C:\Users\hp\AppData\Local\Packages\PythonSoftwareFoundation.Python.3.12_qbz5n2kfra8p0\LocalCache\local-packages\Python312\site-packages\flask\templating.py", line 64, in get_source
    return self._get_source_fast(environment, template)
           ^^^^^^^^^^^^^^^^^^^^^^^^^^^^^^^^^^^^^^^^^^^^
  File "C:\Users\hp\AppData\Local\Packages\PythonSoftwareFoundation.Python.3.12_qbz5n2kfra8p0\LocalCache\local-packages\Python312\site-packages\flask\templating.py", line 98, in _get_source_fast
    raise TemplateNotFound(template)
jinja2.exceptions.TemplateNotFound: index.html

2025-01-03 02:57:41,369 - INFO - c:\Users\hp\Desktop\Lavimac Royal Hotel\backend\app\main.py:63 - Accessing root route from 127.0.0.1
2025-01-03 02:57:41,373 - INFO - c:\Users\hp\Desktop\Lavimac Royal Hotel\backend\app\main.py:65 - Attempting to render index.html
2025-01-03 02:57:41,373 - INFO - c:\Users\hp\Desktop\Lavimac Royal Hotel\backend\app\main.py:66 - Template folder: templates
2025-01-03 02:57:41,373 - INFO - c:\Users\hp\Desktop\Lavimac Royal Hotel\backend\app\main.py:67 - Current working directory: c:\Users\hp\Desktop\Lavimac Royal Hotel
2025-01-03 02:57:41,373 - INFO - c:\Users\hp\Desktop\Lavimac Royal Hotel\backend\app\main.py:71 - Template directory contents: ['booking.html', 'contact.html', 'facilities.html', 'index.html', 'rooms.html']
2025-01-03 02:57:41,374 - INFO - c:\Users\hp\Desktop\Lavimac Royal Hotel\backend\app\main.py:75 - Full index.html path: c:\Users\hp\Desktop\Lavimac Royal Hotel\backend\app\..\..\frontend\templates\index.html
2025-01-03 02:57:41,374 - INFO - c:\Users\hp\Desktop\Lavimac Royal Hotel\backend\app\main.py:76 - index.html exists: True
2025-01-03 02:57:41,375 - ERROR - c:\Users\hp\Desktop\Lavimac Royal Hotel\backend\app\main.py:80 - Error rendering index template: index.html
2025-01-03 02:57:41,377 - ERROR - c:\Users\hp\Desktop\Lavimac Royal Hotel\backend\app\main.py:81 - Traceback: Traceback (most recent call last):
  File "c:\Users\hp\Desktop\Lavimac Royal Hotel\backend\app\main.py", line 78, in index
    return render_template('index.html')
           ^^^^^^^^^^^^^^^^^^^^^^^^^^^^^
  File "C:\Users\hp\AppData\Local\Packages\PythonSoftwareFoundation.Python.3.12_qbz5n2kfra8p0\LocalCache\local-packages\Python312\site-packages\flask\templating.py", line 150, in render_template
    template = app.jinja_env.get_or_select_template(template_name_or_list)
               ^^^^^^^^^^^^^^^^^^^^^^^^^^^^^^^^^^^^^^^^^^^^^^^^^^^^^^^^^^^
  File "C:\Users\hp\AppData\Local\Packages\PythonSoftwareFoundation.Python.3.12_qbz5n2kfra8p0\LocalCache\local-packages\Python312\site-packages\jinja2\environment.py", line 1084, in get_or_select_template
    return self.get_template(template_name_or_list, parent, globals)
           ^^^^^^^^^^^^^^^^^^^^^^^^^^^^^^^^^^^^^^^^^^^^^^^^^^^^^^^^^
  File "C:\Users\hp\AppData\Local\Packages\PythonSoftwareFoundation.Python.3.12_qbz5n2kfra8p0\LocalCache\local-packages\Python312\site-packages\jinja2\environment.py", line 1013, in get_template
    return self._load_template(name, globals)
           ^^^^^^^^^^^^^^^^^^^^^^^^^^^^^^^^^^
  File "C:\Users\hp\AppData\Local\Packages\PythonSoftwareFoundation.Python.3.12_qbz5n2kfra8p0\LocalCache\local-packages\Python312\site-packages\jinja2\environment.py", line 972, in _load_template
    template = self.loader.load(self, name, self.make_globals(globals))
               ^^^^^^^^^^^^^^^^^^^^^^^^^^^^^^^^^^^^^^^^^^^^^^^^^^^^^^^^
  File "C:\Users\hp\AppData\Local\Packages\PythonSoftwareFoundation.Python.3.12_qbz5n2kfra8p0\LocalCache\local-packages\Python312\site-packages\jinja2\loaders.py", line 126, in load
    source, filename, uptodate = self.get_source(environment, name)
                                 ^^^^^^^^^^^^^^^^^^^^^^^^^^^^^^^^^^
  File "C:\Users\hp\AppData\Local\Packages\PythonSoftwareFoundation.Python.3.12_qbz5n2kfra8p0\LocalCache\local-packages\Python312\site-packages\flask\templating.py", line 64, in get_source
    return self._get_source_fast(environment, template)
           ^^^^^^^^^^^^^^^^^^^^^^^^^^^^^^^^^^^^^^^^^^^^
  File "C:\Users\hp\AppData\Local\Packages\PythonSoftwareFoundation.Python.3.12_qbz5n2kfra8p0\LocalCache\local-packages\Python312\site-packages\flask\templating.py", line 98, in _get_source_fast
    raise TemplateNotFound(template)
jinja2.exceptions.TemplateNotFound: index.html

2025-01-03 03:00:39,753 - INFO - c:\Users\hp\Desktop\Lavimac Royal Hotel\backend\app\main.py:142 - Starting Lavimac Royal Hotel Backend
2025-01-03 03:00:39,753 - INFO - c:\Users\hp\Desktop\Lavimac Royal Hotel\backend\app\main.py:143 - Python Version: 3.12.8 (tags/v3.12.8:2dc476b, Dec  3 2024, 19:30:04) [MSC v.1942 64 bit (AMD64)]
2025-01-03 03:00:39,753 - INFO - c:\Users\hp\Desktop\Lavimac Royal Hotel\backend\app\main.py:57 - Registering routes...
2025-01-03 03:00:39,773 - INFO - c:\Users\hp\Desktop\Lavimac Royal Hotel\backend\app\main.py:142 - Starting Lavimac Royal Hotel Backend
2025-01-03 03:00:39,774 - INFO - c:\Users\hp\Desktop\Lavimac Royal Hotel\backend\app\main.py:143 - Python Version: 3.12.8 (tags/v3.12.8:2dc476b, Dec  3 2024, 19:30:04) [MSC v.1942 64 bit (AMD64)]
2025-01-03 03:00:39,774 - INFO - c:\Users\hp\Desktop\Lavimac Royal Hotel\backend\app\main.py:57 - Registering routes...
2025-01-03 03:01:22,448 - INFO - c:\Users\hp\Desktop\Lavimac Royal Hotel\backend\app\main.py:142 - Starting Lavimac Royal Hotel Backend
2025-01-03 03:01:22,450 - INFO - c:\Users\hp\Desktop\Lavimac Royal Hotel\backend\app\main.py:143 - Python Version: 3.12.8 (tags/v3.12.8:2dc476b, Dec  3 2024, 19:30:04) [MSC v.1942 64 bit (AMD64)]
2025-01-03 03:01:22,450 - INFO - c:\Users\hp\Desktop\Lavimac Royal Hotel\backend\app\main.py:57 - Registering routes...
2025-01-03 03:01:22,511 - INFO - c:\Users\hp\Desktop\Lavimac Royal Hotel\backend\app\main.py:142 - Starting Lavimac Royal Hotel Backend
2025-01-03 03:01:22,511 - INFO - c:\Users\hp\Desktop\Lavimac Royal Hotel\backend\app\main.py:143 - Python Version: 3.12.8 (tags/v3.12.8:2dc476b, Dec  3 2024, 19:30:04) [MSC v.1942 64 bit (AMD64)]
2025-01-03 03:01:22,512 - INFO - c:\Users\hp\Desktop\Lavimac Royal Hotel\backend\app\main.py:57 - Registering routes...
2025-01-03 03:01:53,358 - INFO - c:\Users\hp\Desktop\Lavimac Royal Hotel\backend\app\main.py:142 - Starting Lavimac Royal Hotel Backend
2025-01-03 03:01:53,358 - INFO - c:\Users\hp\Desktop\Lavimac Royal Hotel\backend\app\main.py:143 - Python Version: 3.12.8 (tags/v3.12.8:2dc476b, Dec  3 2024, 19:30:04) [MSC v.1942 64 bit (AMD64)]
2025-01-03 03:01:53,358 - INFO - c:\Users\hp\Desktop\Lavimac Royal Hotel\backend\app\main.py:57 - Registering routes...
2025-01-03 03:01:54,481 - INFO - c:\Users\hp\Desktop\Lavimac Royal Hotel\backend\app\main.py:142 - Starting Lavimac Royal Hotel Backend
2025-01-03 03:01:54,481 - INFO - c:\Users\hp\Desktop\Lavimac Royal Hotel\backend\app\main.py:143 - Python Version: 3.12.8 (tags/v3.12.8:2dc476b, Dec  3 2024, 19:30:04) [MSC v.1942 64 bit (AMD64)]
2025-01-03 03:01:54,481 - INFO - c:\Users\hp\Desktop\Lavimac Royal Hotel\backend\app\main.py:57 - Registering routes...
2025-01-03 03:02:09,619 - INFO - c:\Users\hp\Desktop\Lavimac Royal Hotel\backend\app\main.py:63 - Accessing root route from 127.0.0.1
2025-01-03 03:02:09,619 - INFO - c:\Users\hp\Desktop\Lavimac Royal Hotel\backend\app\main.py:65 - Attempting to render index.html
2025-01-03 03:02:09,619 - INFO - c:\Users\hp\Desktop\Lavimac Royal Hotel\backend\app\main.py:66 - Template folder: templates
2025-01-03 03:02:09,619 - INFO - c:\Users\hp\Desktop\Lavimac Royal Hotel\backend\app\main.py:67 - Current working directory: c:\Users\hp\Desktop\Lavimac Royal Hotel
2025-01-03 03:02:09,619 - INFO - c:\Users\hp\Desktop\Lavimac Royal Hotel\backend\app\main.py:71 - Template directory contents: ['booking.html', 'contact.html', 'facilities.html', 'index.html', 'rooms.html']
2025-01-03 03:02:09,619 - INFO - c:\Users\hp\Desktop\Lavimac Royal Hotel\backend\app\main.py:75 - Full index.html path: c:\Users\hp\Desktop\Lavimac Royal Hotel\backend\app\..\..\frontend\templates\index.html
2025-01-03 03:02:09,619 - INFO - c:\Users\hp\Desktop\Lavimac Royal Hotel\backend\app\main.py:76 - index.html exists: True
2025-01-03 03:02:09,619 - ERROR - c:\Users\hp\Desktop\Lavimac Royal Hotel\backend\app\main.py:80 - Error rendering index template: index.html
2025-01-03 03:02:09,624 - ERROR - c:\Users\hp\Desktop\Lavimac Royal Hotel\backend\app\main.py:81 - Traceback: Traceback (most recent call last):
  File "c:\Users\hp\Desktop\Lavimac Royal Hotel\backend\app\main.py", line 78, in index
    return render_template('index.html')
           ^^^^^^^^^^^^^^^^^^^^^^^^^^^^^
  File "C:\Users\hp\AppData\Local\Packages\PythonSoftwareFoundation.Python.3.12_qbz5n2kfra8p0\LocalCache\local-packages\Python312\site-packages\flask\templating.py", line 150, in render_template
    template = app.jinja_env.get_or_select_template(template_name_or_list)
               ^^^^^^^^^^^^^^^^^^^^^^^^^^^^^^^^^^^^^^^^^^^^^^^^^^^^^^^^^^^
  File "C:\Users\hp\AppData\Local\Packages\PythonSoftwareFoundation.Python.3.12_qbz5n2kfra8p0\LocalCache\local-packages\Python312\site-packages\jinja2\environment.py", line 1084, in get_or_select_template
    return self.get_template(template_name_or_list, parent, globals)
           ^^^^^^^^^^^^^^^^^^^^^^^^^^^^^^^^^^^^^^^^^^^^^^^^^^^^^^^^^
  File "C:\Users\hp\AppData\Local\Packages\PythonSoftwareFoundation.Python.3.12_qbz5n2kfra8p0\LocalCache\local-packages\Python312\site-packages\jinja2\environment.py", line 1013, in get_template
    return self._load_template(name, globals)
           ^^^^^^^^^^^^^^^^^^^^^^^^^^^^^^^^^^
  File "C:\Users\hp\AppData\Local\Packages\PythonSoftwareFoundation.Python.3.12_qbz5n2kfra8p0\LocalCache\local-packages\Python312\site-packages\jinja2\environment.py", line 972, in _load_template
    template = self.loader.load(self, name, self.make_globals(globals))
               ^^^^^^^^^^^^^^^^^^^^^^^^^^^^^^^^^^^^^^^^^^^^^^^^^^^^^^^^
  File "C:\Users\hp\AppData\Local\Packages\PythonSoftwareFoundation.Python.3.12_qbz5n2kfra8p0\LocalCache\local-packages\Python312\site-packages\jinja2\loaders.py", line 126, in load
    source, filename, uptodate = self.get_source(environment, name)
                                 ^^^^^^^^^^^^^^^^^^^^^^^^^^^^^^^^^^
  File "C:\Users\hp\AppData\Local\Packages\PythonSoftwareFoundation.Python.3.12_qbz5n2kfra8p0\LocalCache\local-packages\Python312\site-packages\flask\templating.py", line 64, in get_source
    return self._get_source_fast(environment, template)
           ^^^^^^^^^^^^^^^^^^^^^^^^^^^^^^^^^^^^^^^^^^^^
  File "C:\Users\hp\AppData\Local\Packages\PythonSoftwareFoundation.Python.3.12_qbz5n2kfra8p0\LocalCache\local-packages\Python312\site-packages\flask\templating.py", line 98, in _get_source_fast
    raise TemplateNotFound(template)
jinja2.exceptions.TemplateNotFound: index.html

2025-01-03 03:02:10,267 - INFO - c:\Users\hp\Desktop\Lavimac Royal Hotel\backend\app\main.py:63 - Accessing root route from 127.0.0.1
2025-01-03 03:02:10,269 - INFO - c:\Users\hp\Desktop\Lavimac Royal Hotel\backend\app\main.py:65 - Attempting to render index.html
2025-01-03 03:02:10,269 - INFO - c:\Users\hp\Desktop\Lavimac Royal Hotel\backend\app\main.py:66 - Template folder: templates
2025-01-03 03:02:10,269 - INFO - c:\Users\hp\Desktop\Lavimac Royal Hotel\backend\app\main.py:67 - Current working directory: c:\Users\hp\Desktop\Lavimac Royal Hotel
2025-01-03 03:02:10,269 - INFO - c:\Users\hp\Desktop\Lavimac Royal Hotel\backend\app\main.py:71 - Template directory contents: ['booking.html', 'contact.html', 'facilities.html', 'index.html', 'rooms.html']
2025-01-03 03:02:10,269 - INFO - c:\Users\hp\Desktop\Lavimac Royal Hotel\backend\app\main.py:75 - Full index.html path: c:\Users\hp\Desktop\Lavimac Royal Hotel\backend\app\..\..\frontend\templates\index.html
2025-01-03 03:02:10,269 - INFO - c:\Users\hp\Desktop\Lavimac Royal Hotel\backend\app\main.py:76 - index.html exists: True
2025-01-03 03:02:10,269 - ERROR - c:\Users\hp\Desktop\Lavimac Royal Hotel\backend\app\main.py:80 - Error rendering index template: index.html
2025-01-03 03:02:10,269 - ERROR - c:\Users\hp\Desktop\Lavimac Royal Hotel\backend\app\main.py:81 - Traceback: Traceback (most recent call last):
  File "c:\Users\hp\Desktop\Lavimac Royal Hotel\backend\app\main.py", line 78, in index
    return render_template('index.html')
           ^^^^^^^^^^^^^^^^^^^^^^^^^^^^^
  File "C:\Users\hp\AppData\Local\Packages\PythonSoftwareFoundation.Python.3.12_qbz5n2kfra8p0\LocalCache\local-packages\Python312\site-packages\flask\templating.py", line 150, in render_template
    template = app.jinja_env.get_or_select_template(template_name_or_list)
               ^^^^^^^^^^^^^^^^^^^^^^^^^^^^^^^^^^^^^^^^^^^^^^^^^^^^^^^^^^^
  File "C:\Users\hp\AppData\Local\Packages\PythonSoftwareFoundation.Python.3.12_qbz5n2kfra8p0\LocalCache\local-packages\Python312\site-packages\jinja2\environment.py", line 1084, in get_or_select_template
    return self.get_template(template_name_or_list, parent, globals)
           ^^^^^^^^^^^^^^^^^^^^^^^^^^^^^^^^^^^^^^^^^^^^^^^^^^^^^^^^^
  File "C:\Users\hp\AppData\Local\Packages\PythonSoftwareFoundation.Python.3.12_qbz5n2kfra8p0\LocalCache\local-packages\Python312\site-packages\jinja2\environment.py", line 1013, in get_template
    return self._load_template(name, globals)
           ^^^^^^^^^^^^^^^^^^^^^^^^^^^^^^^^^^
  File "C:\Users\hp\AppData\Local\Packages\PythonSoftwareFoundation.Python.3.12_qbz5n2kfra8p0\LocalCache\local-packages\Python312\site-packages\jinja2\environment.py", line 972, in _load_template
    template = self.loader.load(self, name, self.make_globals(globals))
               ^^^^^^^^^^^^^^^^^^^^^^^^^^^^^^^^^^^^^^^^^^^^^^^^^^^^^^^^
  File "C:\Users\hp\AppData\Local\Packages\PythonSoftwareFoundation.Python.3.12_qbz5n2kfra8p0\LocalCache\local-packages\Python312\site-packages\jinja2\loaders.py", line 126, in load
    source, filename, uptodate = self.get_source(environment, name)
                                 ^^^^^^^^^^^^^^^^^^^^^^^^^^^^^^^^^^
  File "C:\Users\hp\AppData\Local\Packages\PythonSoftwareFoundation.Python.3.12_qbz5n2kfra8p0\LocalCache\local-packages\Python312\site-packages\flask\templating.py", line 64, in get_source
    return self._get_source_fast(environment, template)
           ^^^^^^^^^^^^^^^^^^^^^^^^^^^^^^^^^^^^^^^^^^^^
  File "C:\Users\hp\AppData\Local\Packages\PythonSoftwareFoundation.Python.3.12_qbz5n2kfra8p0\LocalCache\local-packages\Python312\site-packages\flask\templating.py", line 98, in _get_source_fast
    raise TemplateNotFound(template)
jinja2.exceptions.TemplateNotFound: index.html

2025-01-03 03:02:38,757 - INFO - c:\Users\hp\Desktop\Lavimac Royal Hotel\backend\app\main.py:154 - Starting Lavimac Royal Hotel Backend
2025-01-03 03:02:38,759 - INFO - c:\Users\hp\Desktop\Lavimac Royal Hotel\backend\app\main.py:155 - Python Version: 3.12.8 (tags/v3.12.8:2dc476b, Dec  3 2024, 19:30:04) [MSC v.1942 64 bit (AMD64)]
2025-01-03 03:02:38,759 - INFO - c:\Users\hp\Desktop\Lavimac Royal Hotel\backend\app\main.py:57 - Registering routes...
2025-01-03 03:02:38,799 - INFO - c:\Users\hp\Desktop\Lavimac Royal Hotel\backend\app\main.py:154 - Starting Lavimac Royal Hotel Backend
2025-01-03 03:02:38,800 - INFO - c:\Users\hp\Desktop\Lavimac Royal Hotel\backend\app\main.py:155 - Python Version: 3.12.8 (tags/v3.12.8:2dc476b, Dec  3 2024, 19:30:04) [MSC v.1942 64 bit (AMD64)]
2025-01-03 03:02:38,800 - INFO - c:\Users\hp\Desktop\Lavimac Royal Hotel\backend\app\main.py:57 - Registering routes...
2025-01-03 03:02:38,908 - INFO - c:\Users\hp\Desktop\Lavimac Royal Hotel\backend\app\main.py:154 - Starting Lavimac Royal Hotel Backend
2025-01-03 03:02:38,909 - INFO - c:\Users\hp\Desktop\Lavimac Royal Hotel\backend\app\main.py:155 - Python Version: 3.12.8 (tags/v3.12.8:2dc476b, Dec  3 2024, 19:30:04) [MSC v.1942 64 bit (AMD64)]
2025-01-03 03:02:38,909 - INFO - c:\Users\hp\Desktop\Lavimac Royal Hotel\backend\app\main.py:57 - Registering routes...
2025-01-03 03:02:46,810 - INFO - c:\Users\hp\Desktop\Lavimac Royal Hotel\backend\app\main.py:154 - Starting Lavimac Royal Hotel Backend
2025-01-03 03:02:46,811 - INFO - c:\Users\hp\Desktop\Lavimac Royal Hotel\backend\app\main.py:155 - Python Version: 3.12.8 (tags/v3.12.8:2dc476b, Dec  3 2024, 19:30:04) [MSC v.1942 64 bit (AMD64)]
2025-01-03 03:02:46,811 - INFO - c:\Users\hp\Desktop\Lavimac Royal Hotel\backend\app\main.py:57 - Registering routes...
2025-01-03 03:02:47,946 - INFO - c:\Users\hp\Desktop\Lavimac Royal Hotel\backend\app\main.py:154 - Starting Lavimac Royal Hotel Backend
2025-01-03 03:02:47,947 - INFO - c:\Users\hp\Desktop\Lavimac Royal Hotel\backend\app\main.py:155 - Python Version: 3.12.8 (tags/v3.12.8:2dc476b, Dec  3 2024, 19:30:04) [MSC v.1942 64 bit (AMD64)]
2025-01-03 03:02:47,947 - INFO - c:\Users\hp\Desktop\Lavimac Royal Hotel\backend\app\main.py:57 - Registering routes...
2025-01-03 03:02:53,339 - INFO - c:\Users\hp\Desktop\Lavimac Royal Hotel\backend\app\main.py:64 - Attempting to render index.html
2025-01-03 03:02:53,339 - INFO - c:\Users\hp\Desktop\Lavimac Royal Hotel\backend\app\main.py:65 - Template folder: templates
2025-01-03 03:02:53,339 - INFO - c:\Users\hp\Desktop\Lavimac Royal Hotel\backend\app\main.py:66 - Current working directory: c:\Users\hp\Desktop\Lavimac Royal Hotel
2025-01-03 03:02:53,340 - INFO - c:\Users\hp\Desktop\Lavimac Royal Hotel\backend\app\main.py:70 - Resolved Template Directory: c:\Users\hp\Desktop\Lavimac Royal Hotel\backend\app\..\..\frontend\templates
2025-01-03 03:02:53,340 - INFO - c:\Users\hp\Desktop\Lavimac Royal Hotel\backend\app\main.py:75 - Template directory contents: ['booking.html', 'contact.html', 'facilities.html', 'index.html', 'rooms.html']
2025-01-03 03:02:53,340 - INFO - c:\Users\hp\Desktop\Lavimac Royal Hotel\backend\app\main.py:81 - Full index.html path: c:\Users\hp\Desktop\Lavimac Royal Hotel\backend\app\..\..\frontend\templates\index.html
2025-01-03 03:02:53,340 - INFO - c:\Users\hp\Desktop\Lavimac Royal Hotel\backend\app\main.py:82 - index.html exists: True
2025-01-03 03:02:53,341 - ERROR - c:\Users\hp\Desktop\Lavimac Royal Hotel\backend\app\main.py:92 - Error rendering index: index.html
2025-01-03 03:02:53,344 - ERROR - c:\Users\hp\Desktop\Lavimac Royal Hotel\backend\app\main.py:93 - Traceback (most recent call last):
  File "c:\Users\hp\Desktop\Lavimac Royal Hotel\backend\app\main.py", line 90, in index
    return render_template('index.html')
           ^^^^^^^^^^^^^^^^^^^^^^^^^^^^^
  File "C:\Users\hp\AppData\Local\Packages\PythonSoftwareFoundation.Python.3.12_qbz5n2kfra8p0\LocalCache\local-packages\Python312\site-packages\flask\templating.py", line 150, in render_template
    template = app.jinja_env.get_or_select_template(template_name_or_list)
               ^^^^^^^^^^^^^^^^^^^^^^^^^^^^^^^^^^^^^^^^^^^^^^^^^^^^^^^^^^^
  File "C:\Users\hp\AppData\Local\Packages\PythonSoftwareFoundation.Python.3.12_qbz5n2kfra8p0\LocalCache\local-packages\Python312\site-packages\jinja2\environment.py", line 1084, in get_or_select_template
    return self.get_template(template_name_or_list, parent, globals)
           ^^^^^^^^^^^^^^^^^^^^^^^^^^^^^^^^^^^^^^^^^^^^^^^^^^^^^^^^^
  File "C:\Users\hp\AppData\Local\Packages\PythonSoftwareFoundation.Python.3.12_qbz5n2kfra8p0\LocalCache\local-packages\Python312\site-packages\jinja2\environment.py", line 1013, in get_template
    return self._load_template(name, globals)
           ^^^^^^^^^^^^^^^^^^^^^^^^^^^^^^^^^^
  File "C:\Users\hp\AppData\Local\Packages\PythonSoftwareFoundation.Python.3.12_qbz5n2kfra8p0\LocalCache\local-packages\Python312\site-packages\jinja2\environment.py", line 972, in _load_template
    template = self.loader.load(self, name, self.make_globals(globals))
               ^^^^^^^^^^^^^^^^^^^^^^^^^^^^^^^^^^^^^^^^^^^^^^^^^^^^^^^^
  File "C:\Users\hp\AppData\Local\Packages\PythonSoftwareFoundation.Python.3.12_qbz5n2kfra8p0\LocalCache\local-packages\Python312\site-packages\jinja2\loaders.py", line 126, in load
    source, filename, uptodate = self.get_source(environment, name)
                                 ^^^^^^^^^^^^^^^^^^^^^^^^^^^^^^^^^^
  File "C:\Users\hp\AppData\Local\Packages\PythonSoftwareFoundation.Python.3.12_qbz5n2kfra8p0\LocalCache\local-packages\Python312\site-packages\flask\templating.py", line 64, in get_source
    return self._get_source_fast(environment, template)
           ^^^^^^^^^^^^^^^^^^^^^^^^^^^^^^^^^^^^^^^^^^^^
  File "C:\Users\hp\AppData\Local\Packages\PythonSoftwareFoundation.Python.3.12_qbz5n2kfra8p0\LocalCache\local-packages\Python312\site-packages\flask\templating.py", line 98, in _get_source_fast
    raise TemplateNotFound(template)
jinja2.exceptions.TemplateNotFound: index.html

2025-01-03 03:03:20,351 - INFO - c:\Users\hp\Desktop\Lavimac Royal Hotel\backend\app\main.py:157 - Starting Lavimac Royal Hotel Backend
2025-01-03 03:03:20,351 - INFO - c:\Users\hp\Desktop\Lavimac Royal Hotel\backend\app\main.py:158 - Python Version: 3.12.8 (tags/v3.12.8:2dc476b, Dec  3 2024, 19:30:04) [MSC v.1942 64 bit (AMD64)]
2025-01-03 03:03:20,351 - INFO - c:\Users\hp\Desktop\Lavimac Royal Hotel\backend\app\main.py:57 - Registering routes...
2025-01-03 03:03:21,266 - INFO - c:\Users\hp\Desktop\Lavimac Royal Hotel\backend\app\main.py:157 - Starting Lavimac Royal Hotel Backend
2025-01-03 03:03:21,267 - INFO - c:\Users\hp\Desktop\Lavimac Royal Hotel\backend\app\main.py:158 - Python Version: 3.12.8 (tags/v3.12.8:2dc476b, Dec  3 2024, 19:30:04) [MSC v.1942 64 bit (AMD64)]
2025-01-03 03:03:21,267 - INFO - c:\Users\hp\Desktop\Lavimac Royal Hotel\backend\app\main.py:57 - Registering routes...
2025-01-03 03:03:21,570 - INFO - c:\Users\hp\Desktop\Lavimac Royal Hotel\backend\app\main.py:157 - Starting Lavimac Royal Hotel Backend
2025-01-03 03:03:21,570 - INFO - c:\Users\hp\Desktop\Lavimac Royal Hotel\backend\app\main.py:158 - Python Version: 3.12.8 (tags/v3.12.8:2dc476b, Dec  3 2024, 19:30:04) [MSC v.1942 64 bit (AMD64)]
2025-01-03 03:03:21,570 - INFO - c:\Users\hp\Desktop\Lavimac Royal Hotel\backend\app\main.py:57 - Registering routes...
2025-01-03 03:03:21,646 - INFO - c:\Users\hp\Desktop\Lavimac Royal Hotel\backend\app\main.py:157 - Starting Lavimac Royal Hotel Backend
2025-01-03 03:03:21,646 - INFO - c:\Users\hp\Desktop\Lavimac Royal Hotel\backend\app\main.py:158 - Python Version: 3.12.8 (tags/v3.12.8:2dc476b, Dec  3 2024, 19:30:04) [MSC v.1942 64 bit (AMD64)]
2025-01-03 03:03:21,646 - INFO - c:\Users\hp\Desktop\Lavimac Royal Hotel\backend\app\main.py:57 - Registering routes...
2025-01-03 03:03:36,540 - INFO - c:\Users\hp\Desktop\Lavimac Royal Hotel\backend\app\main.py:164 - Starting Lavimac Royal Hotel Backend
2025-01-03 03:03:36,541 - INFO - c:\Users\hp\Desktop\Lavimac Royal Hotel\backend\app\main.py:165 - Python Version: 3.12.8 (tags/v3.12.8:2dc476b, Dec  3 2024, 19:30:04) [MSC v.1942 64 bit (AMD64)]
2025-01-03 03:03:36,541 - INFO - c:\Users\hp\Desktop\Lavimac Royal Hotel\backend\app\main.py:57 - Registering routes...
2025-01-03 03:03:37,297 - INFO - c:\Users\hp\Desktop\Lavimac Royal Hotel\backend\app\main.py:164 - Starting Lavimac Royal Hotel Backend
2025-01-03 03:03:37,297 - INFO - c:\Users\hp\Desktop\Lavimac Royal Hotel\backend\app\main.py:165 - Python Version: 3.12.8 (tags/v3.12.8:2dc476b, Dec  3 2024, 19:30:04) [MSC v.1942 64 bit (AMD64)]
2025-01-03 03:03:37,297 - INFO - c:\Users\hp\Desktop\Lavimac Royal Hotel\backend\app\main.py:57 - Registering routes...
2025-01-03 03:03:37,321 - INFO - c:\Users\hp\Desktop\Lavimac Royal Hotel\backend\app\main.py:164 - Starting Lavimac Royal Hotel Backend
2025-01-03 03:03:37,321 - INFO - c:\Users\hp\Desktop\Lavimac Royal Hotel\backend\app\main.py:165 - Python Version: 3.12.8 (tags/v3.12.8:2dc476b, Dec  3 2024, 19:30:04) [MSC v.1942 64 bit (AMD64)]
2025-01-03 03:03:37,328 - INFO - c:\Users\hp\Desktop\Lavimac Royal Hotel\backend\app\main.py:57 - Registering routes...
2025-01-03 03:03:38,256 - INFO - c:\Users\hp\Desktop\Lavimac Royal Hotel\backend\app\main.py:164 - Starting Lavimac Royal Hotel Backend
2025-01-03 03:03:38,257 - INFO - c:\Users\hp\Desktop\Lavimac Royal Hotel\backend\app\main.py:165 - Python Version: 3.12.8 (tags/v3.12.8:2dc476b, Dec  3 2024, 19:30:04) [MSC v.1942 64 bit (AMD64)]
2025-01-03 03:03:38,260 - INFO - c:\Users\hp\Desktop\Lavimac Royal Hotel\backend\app\main.py:57 - Registering routes...
2025-01-03 03:04:04,640 - INFO - c:\Users\hp\Desktop\Lavimac Royal Hotel\backend\app\main.py:164 - Starting Lavimac Royal Hotel Backend
2025-01-03 03:04:04,642 - INFO - c:\Users\hp\Desktop\Lavimac Royal Hotel\backend\app\main.py:165 - Python Version: 3.12.8 (tags/v3.12.8:2dc476b, Dec  3 2024, 19:30:04) [MSC v.1942 64 bit (AMD64)]
2025-01-03 03:04:04,642 - INFO - c:\Users\hp\Desktop\Lavimac Royal Hotel\backend\app\main.py:57 - Registering routes...
2025-01-03 03:04:05,743 - INFO - c:\Users\hp\Desktop\Lavimac Royal Hotel\backend\app\main.py:164 - Starting Lavimac Royal Hotel Backend
2025-01-03 03:04:05,744 - INFO - c:\Users\hp\Desktop\Lavimac Royal Hotel\backend\app\main.py:165 - Python Version: 3.12.8 (tags/v3.12.8:2dc476b, Dec  3 2024, 19:30:04) [MSC v.1942 64 bit (AMD64)]
2025-01-03 03:04:05,744 - INFO - c:\Users\hp\Desktop\Lavimac Royal Hotel\backend\app\main.py:57 - Registering routes...
2025-01-03 03:05:06,105 - INFO - c:\Users\hp\Desktop\Lavimac Royal Hotel\backend\app\main.py:164 - Starting Lavimac Royal Hotel Backend
2025-01-03 03:05:06,105 - INFO - c:\Users\hp\Desktop\Lavimac Royal Hotel\backend\app\main.py:165 - Python Version: 3.12.8 (tags/v3.12.8:2dc476b, Dec  3 2024, 19:30:04) [MSC v.1942 64 bit (AMD64)]
2025-01-03 03:05:06,105 - INFO - c:\Users\hp\Desktop\Lavimac Royal Hotel\backend\app\main.py:57 - Registering routes...
2025-01-03 03:05:06,116 - INFO - c:\Users\hp\Desktop\Lavimac Royal Hotel\backend\app\main.py:164 - Starting Lavimac Royal Hotel Backend
2025-01-03 03:05:06,116 - INFO - c:\Users\hp\Desktop\Lavimac Royal Hotel\backend\app\main.py:165 - Python Version: 3.12.8 (tags/v3.12.8:2dc476b, Dec  3 2024, 19:30:04) [MSC v.1942 64 bit (AMD64)]
2025-01-03 03:05:06,116 - INFO - c:\Users\hp\Desktop\Lavimac Royal Hotel\backend\app\main.py:57 - Registering routes...
2025-01-03 03:05:06,417 - INFO - c:\Users\hp\Desktop\Lavimac Royal Hotel\backend\app\main.py:164 - Starting Lavimac Royal Hotel Backend
2025-01-03 03:05:06,417 - INFO - c:\Users\hp\Desktop\Lavimac Royal Hotel\backend\app\main.py:165 - Python Version: 3.12.8 (tags/v3.12.8:2dc476b, Dec  3 2024, 19:30:04) [MSC v.1942 64 bit (AMD64)]
2025-01-03 03:05:06,417 - INFO - c:\Users\hp\Desktop\Lavimac Royal Hotel\backend\app\main.py:57 - Registering routes...
2025-01-03 03:05:06,611 - INFO - c:\Users\hp\Desktop\Lavimac Royal Hotel\backend\app\main.py:164 - Starting Lavimac Royal Hotel Backend
2025-01-03 03:05:06,613 - INFO - c:\Users\hp\Desktop\Lavimac Royal Hotel\backend\app\main.py:165 - Python Version: 3.12.8 (tags/v3.12.8:2dc476b, Dec  3 2024, 19:30:04) [MSC v.1942 64 bit (AMD64)]
2025-01-03 03:05:06,613 - INFO - c:\Users\hp\Desktop\Lavimac Royal Hotel\backend\app\main.py:57 - Registering routes...
2025-01-03 03:05:06,710 - INFO - c:\Users\hp\Desktop\Lavimac Royal Hotel\backend\app\main.py:164 - Starting Lavimac Royal Hotel Backend
2025-01-03 03:05:06,710 - INFO - c:\Users\hp\Desktop\Lavimac Royal Hotel\backend\app\main.py:165 - Python Version: 3.12.8 (tags/v3.12.8:2dc476b, Dec  3 2024, 19:30:04) [MSC v.1942 64 bit (AMD64)]
2025-01-03 03:05:06,718 - INFO - c:\Users\hp\Desktop\Lavimac Royal Hotel\backend\app\main.py:57 - Registering routes...
2025-01-03 03:06:01,098 - INFO - c:\Users\hp\Desktop\Lavimac Royal Hotel\backend\app\main.py:164 - Starting Lavimac Royal Hotel Backend
2025-01-03 03:06:01,099 - INFO - c:\Users\hp\Desktop\Lavimac Royal Hotel\backend\app\main.py:165 - Python Version: 3.12.8 (tags/v3.12.8:2dc476b, Dec  3 2024, 19:30:04) [MSC v.1942 64 bit (AMD64)]
2025-01-03 03:06:01,099 - INFO - c:\Users\hp\Desktop\Lavimac Royal Hotel\backend\app\main.py:57 - Registering routes...
2025-01-03 03:06:02,189 - INFO - c:\Users\hp\Desktop\Lavimac Royal Hotel\backend\app\main.py:164 - Starting Lavimac Royal Hotel Backend
2025-01-03 03:06:02,189 - INFO - c:\Users\hp\Desktop\Lavimac Royal Hotel\backend\app\main.py:165 - Python Version: 3.12.8 (tags/v3.12.8:2dc476b, Dec  3 2024, 19:30:04) [MSC v.1942 64 bit (AMD64)]
2025-01-03 03:06:02,189 - INFO - c:\Users\hp\Desktop\Lavimac Royal Hotel\backend\app\main.py:57 - Registering routes...
2025-01-03 03:07:16,935 - INFO - c:\Users\hp\Desktop\Lavimac Royal Hotel\backend\app\main.py:174 - Starting Lavimac Royal Hotel Backend
2025-01-03 03:07:16,935 - INFO - c:\Users\hp\Desktop\Lavimac Royal Hotel\backend\app\main.py:175 - Python Version: 3.12.8 (tags/v3.12.8:2dc476b, Dec  3 2024, 19:30:04) [MSC v.1942 64 bit (AMD64)]
2025-01-03 03:07:16,935 - INFO - c:\Users\hp\Desktop\Lavimac Royal Hotel\backend\app\main.py:57 - Registering routes...
2025-01-03 03:07:16,936 - INFO - c:\Users\hp\Desktop\Lavimac Royal Hotel\backend\app\main.py:174 - Starting Lavimac Royal Hotel Backend
2025-01-03 03:07:16,936 - INFO - c:\Users\hp\Desktop\Lavimac Royal Hotel\backend\app\main.py:175 - Python Version: 3.12.8 (tags/v3.12.8:2dc476b, Dec  3 2024, 19:30:04) [MSC v.1942 64 bit (AMD64)]
2025-01-03 03:07:16,936 - INFO - c:\Users\hp\Desktop\Lavimac Royal Hotel\backend\app\main.py:57 - Registering routes...
2025-01-03 03:07:16,938 - INFO - c:\Users\hp\Desktop\Lavimac Royal Hotel\backend\app\main.py:174 - Starting Lavimac Royal Hotel Backend
2025-01-03 03:07:16,938 - INFO - c:\Users\hp\Desktop\Lavimac Royal Hotel\backend\app\main.py:175 - Python Version: 3.12.8 (tags/v3.12.8:2dc476b, Dec  3 2024, 19:30:04) [MSC v.1942 64 bit (AMD64)]
2025-01-03 03:07:16,938 - INFO - c:\Users\hp\Desktop\Lavimac Royal Hotel\backend\app\main.py:57 - Registering routes...
2025-01-03 03:07:16,957 - INFO - c:\Users\hp\Desktop\Lavimac Royal Hotel\backend\app\main.py:174 - Starting Lavimac Royal Hotel Backend
2025-01-03 03:07:16,957 - INFO - c:\Users\hp\Desktop\Lavimac Royal Hotel\backend\app\main.py:175 - Python Version: 3.12.8 (tags/v3.12.8:2dc476b, Dec  3 2024, 19:30:04) [MSC v.1942 64 bit (AMD64)]
2025-01-03 03:07:16,957 - INFO - c:\Users\hp\Desktop\Lavimac Royal Hotel\backend\app\main.py:57 - Registering routes...
2025-01-03 03:07:17,004 - INFO - c:\Users\hp\Desktop\Lavimac Royal Hotel\backend\app\main.py:174 - Starting Lavimac Royal Hotel Backend
2025-01-03 03:07:17,004 - INFO - c:\Users\hp\Desktop\Lavimac Royal Hotel\backend\app\main.py:175 - Python Version: 3.12.8 (tags/v3.12.8:2dc476b, Dec  3 2024, 19:30:04) [MSC v.1942 64 bit (AMD64)]
2025-01-03 03:07:17,004 - INFO - c:\Users\hp\Desktop\Lavimac Royal Hotel\backend\app\main.py:57 - Registering routes...
2025-01-03 03:07:17,365 - INFO - c:\Users\hp\Desktop\Lavimac Royal Hotel\backend\app\main.py:174 - Starting Lavimac Royal Hotel Backend
2025-01-03 03:07:17,365 - INFO - c:\Users\hp\Desktop\Lavimac Royal Hotel\backend\app\main.py:175 - Python Version: 3.12.8 (tags/v3.12.8:2dc476b, Dec  3 2024, 19:30:04) [MSC v.1942 64 bit (AMD64)]
2025-01-03 03:07:17,365 - INFO - c:\Users\hp\Desktop\Lavimac Royal Hotel\backend\app\main.py:57 - Registering routes...
2025-01-03 03:07:24,166 - INFO - c:\Users\hp\Desktop\Lavimac Royal Hotel\backend\app\main.py:174 - Starting Lavimac Royal Hotel Backend
2025-01-03 03:07:24,167 - INFO - c:\Users\hp\Desktop\Lavimac Royal Hotel\backend\app\main.py:175 - Python Version: 3.12.8 (tags/v3.12.8:2dc476b, Dec  3 2024, 19:30:04) [MSC v.1942 64 bit (AMD64)]
2025-01-03 03:07:24,168 - INFO - c:\Users\hp\Desktop\Lavimac Royal Hotel\backend\app\main.py:57 - Registering routes...
2025-01-03 03:07:25,761 - INFO - c:\Users\hp\Desktop\Lavimac Royal Hotel\backend\app\main.py:174 - Starting Lavimac Royal Hotel Backend
2025-01-03 03:07:25,761 - INFO - c:\Users\hp\Desktop\Lavimac Royal Hotel\backend\app\main.py:175 - Python Version: 3.12.8 (tags/v3.12.8:2dc476b, Dec  3 2024, 19:30:04) [MSC v.1942 64 bit (AMD64)]
2025-01-03 03:07:25,762 - INFO - c:\Users\hp\Desktop\Lavimac Royal Hotel\backend\app\main.py:57 - Registering routes...
2025-01-03 03:14:16,979 - INFO - c:\Users\hp\Desktop\Lavimac Royal Hotel\backend\app\main.py:174 - Starting Lavimac Royal Hotel Backend
2025-01-03 03:14:16,979 - INFO - c:\Users\hp\Desktop\Lavimac Royal Hotel\backend\app\main.py:175 - Python Version: 3.12.8 (tags/v3.12.8:2dc476b, Dec  3 2024, 19:30:04) [MSC v.1942 64 bit (AMD64)]
2025-01-03 03:14:16,979 - INFO - c:\Users\hp\Desktop\Lavimac Royal Hotel\backend\app\main.py:57 - Registering routes...
2025-01-03 03:14:18,269 - INFO - c:\Users\hp\Desktop\Lavimac Royal Hotel\backend\app\main.py:174 - Starting Lavimac Royal Hotel Backend
2025-01-03 03:14:18,271 - INFO - c:\Users\hp\Desktop\Lavimac Royal Hotel\backend\app\main.py:175 - Python Version: 3.12.8 (tags/v3.12.8:2dc476b, Dec  3 2024, 19:30:04) [MSC v.1942 64 bit (AMD64)]
2025-01-03 03:14:18,271 - INFO - c:\Users\hp\Desktop\Lavimac Royal Hotel\backend\app\main.py:57 - Registering routes...
2025-01-03 03:15:27,596 - INFO - c:\Users\hp\Desktop\Lavimac Royal Hotel\backend\app\main.py:174 - Starting Lavimac Royal Hotel Backend
2025-01-03 03:15:27,596 - INFO - c:\Users\hp\Desktop\Lavimac Royal Hotel\backend\app\main.py:175 - Python Version: 3.12.8 (tags/v3.12.8:2dc476b, Dec  3 2024, 19:30:04) [MSC v.1942 64 bit (AMD64)]
2025-01-03 03:15:27,596 - INFO - c:\Users\hp\Desktop\Lavimac Royal Hotel\backend\app\main.py:57 - Registering routes...
2025-01-03 03:15:28,781 - INFO - c:\Users\hp\Desktop\Lavimac Royal Hotel\backend\app\main.py:174 - Starting Lavimac Royal Hotel Backend
2025-01-03 03:15:28,783 - INFO - c:\Users\hp\Desktop\Lavimac Royal Hotel\backend\app\main.py:175 - Python Version: 3.12.8 (tags/v3.12.8:2dc476b, Dec  3 2024, 19:30:04) [MSC v.1942 64 bit (AMD64)]
2025-01-03 03:15:28,783 - INFO - c:\Users\hp\Desktop\Lavimac Royal Hotel\backend\app\main.py:57 - Registering routes...
2025-01-03 03:19:30,617 - INFO - c:\Users\hp\Desktop\Lavimac Royal Hotel\backend\app\main.py:174 - Starting Lavimac Royal Hotel Backend
2025-01-03 03:19:30,617 - INFO - c:\Users\hp\Desktop\Lavimac Royal Hotel\backend\app\main.py:175 - Python Version: 3.12.8 (tags/v3.12.8:2dc476b, Dec  3 2024, 19:30:04) [MSC v.1942 64 bit (AMD64)]
2025-01-03 03:19:30,617 - INFO - c:\Users\hp\Desktop\Lavimac Royal Hotel\backend\app\main.py:57 - Registering routes...
2025-01-03 03:19:32,248 - INFO - c:\Users\hp\Desktop\Lavimac Royal Hotel\backend\app\main.py:174 - Starting Lavimac Royal Hotel Backend
2025-01-03 03:19:32,248 - INFO - c:\Users\hp\Desktop\Lavimac Royal Hotel\backend\app\main.py:175 - Python Version: 3.12.8 (tags/v3.12.8:2dc476b, Dec  3 2024, 19:30:04) [MSC v.1942 64 bit (AMD64)]
2025-01-03 03:19:32,248 - INFO - c:\Users\hp\Desktop\Lavimac Royal Hotel\backend\app\main.py:57 - Registering routes...
2025-01-03 03:25:55,846 - INFO - c:\Users\hp\Desktop\Lavimac Royal Hotel\backend\app\main.py:174 - Starting Lavimac Royal Hotel Backend
2025-01-03 03:25:55,846 - INFO - c:\Users\hp\Desktop\Lavimac Royal Hotel\backend\app\main.py:175 - Python Version: 3.12.8 (tags/v3.12.8:2dc476b, Dec  3 2024, 19:30:04) [MSC v.1942 64 bit (AMD64)]
2025-01-03 03:25:55,846 - INFO - c:\Users\hp\Desktop\Lavimac Royal Hotel\backend\app\main.py:57 - Registering routes...
2025-01-03 03:25:57,469 - INFO - c:\Users\hp\Desktop\Lavimac Royal Hotel\backend\app\main.py:174 - Starting Lavimac Royal Hotel Backend
2025-01-03 03:25:57,469 - INFO - c:\Users\hp\Desktop\Lavimac Royal Hotel\backend\app\main.py:175 - Python Version: 3.12.8 (tags/v3.12.8:2dc476b, Dec  3 2024, 19:30:04) [MSC v.1942 64 bit (AMD64)]
2025-01-03 03:25:57,470 - INFO - c:\Users\hp\Desktop\Lavimac Royal Hotel\backend\app\main.py:57 - Registering routes...
